[www.labelle-artistry.com/index.html]
[backblue.gif]
[fade.gif]
[index.html]
[images.squarespace-cdn.com/content/6086d9bc3bd0fc2ff2592b60/4d357a3b-f6a0-45e1-900a-6cfe0a96678d/Social+Profile_Moscow+Midnight+with+Roses+15d45.png]
[assets.squarespace.com/@sqs/polyfiller/1.2.2/legacy.js]
[use.typekit.net/ik/AFPNzI4JMG9RMNf_U5aGZlP8Qtu0v4P6eUAYxZZwtOSfenXIfFHN4UJLFRbh52jhWDj352Zq5A4Rwh4qweZRwcZcwR9owcJhwg7QMkG0jAFu-WsoShFGZAsude80ZkoRdhXCHKoyjamT]
[assets.squarespace.com/@sqs/polyfiller/1.2.2/modern.js]
[assets.squarespace.com/universal/scripts-compressed/extract-css-runtime-584ec644ac719aa1236f1-min.en-US.js]
[assets.squarespace.com/universal/scripts-compressed/cldr-resource-pack-83b0e6eb9a2c7557ad4c0-min.en-US.js]
[assets.squarespace.com/universal/scripts-compressed/common-vendors-stable-9b2a74c45b27271fd111d-min.en-US.js]
[assets.squarespace.com/universal/scripts-compressed/extract-css-moment-js-vendor-98bddc81dc37f44faa7b2-min.en-US.js]
[assets.squarespace.com/universal/styles-compressed/commerce-42e904b2189a7c1684dd6-min.en-US.css]
[assets.squarespace.com/universal/scripts-compressed/performance-8b6f08d427d358ad6b72c-min.en-US.js]
[static1.squarespace.com/static/versioned-site-css/6086d9bc3bd0fc2ff2592b60/141/5c5a519771c10ba3470d8101/6086d9bc3bd0fc2ff2592b7a/1311/site.css]
[ajax.googleapis.com/ajax/libs/jquery/3.5.1/jquery.min.js]
[assets.squarespace.com/universal/scripts-compressed/common-vendors-9a613768d6f25acba519f-min.en-US.js]
[connect.facebook.net/en_US/fbevents.js]
[www.labelle-artistry.com/cart.html]
[assets.squarespace.com/universal/scripts-compressed/commerce-a26f52c15018f4babd466-min.en-US.js]
[assets.squarespace.com/universal/scripts-compressed/common-7d2274e9405484b5bb8c6-min.en-US.js]
[www.labelle-artistry.com/aftercare.html]
[www.labelle-artistry.com/policies-1.html]
[www.labelle-artistry.com/termsandconditions.html]
[www.labelle-artistry.com/locations.html]
[www.labelle-artistry.com/aboutlabelle.html]
[www.labelle-artistry.com/full-menu-of-services.html]
[www.labelle-artistry.com/facials.html]
[www.labelle-artistry.com/eyelashextensions.html]
[www.labelle-artistry.com/permanentmakeup.html]
[www.labelle-artistry.com/waxingandbrows.html]
[www.labelle-artistry.com/team.html]
[www.labelle-artistry.com/la-belle-academie.html]
[www.labelle-artistry.com/contact-2.html]
[www.labelle-artistry.com/gift-certificates.html]
[images.squarespace-cdn.com/content/v1/6086d9bc3bd0fc2ff2592b60/56678840-c30d-4310-ac30-84e39c7d5d79/la%252525252Bbelle%252525252Bwebsite%252525252Blogo-01.2326]
[images.squarespace-cdn.com/content/v1/6086d9bc3bd0fc2ff2592b60/1622749840807-7NUCWK63CF6BNTY13LAH/La+Belle+Mobile+Banner-0126f7.png]
[www.labelle-artistry.com/book.html]
[images.squarespace-cdn.com/content/v1/6086d9bc3bd0fc2ff2592b60/1621992333515-XPGVY4AAZ5XYI878JPWB/Untitled-7.gif]
[images.squarespace-cdn.com/content/v1/6086d9bc3bd0fc2ff2592b60/1619809909805-SR1ACU4YOD9QBWVP60V7/11.jpg]
[images.squarespace-cdn.com/content/v1/6086d9bc3bd0fc2ff2592b60/1619532573223-FKARCUSVY5QDXC1N1X0C/Lashes_0275+1.jpg]
[www.labelle-artistry.com/lash-extensions.28.delayed]
[images.squarespace-cdn.com/content/v1/6086d9bc3bd0fc2ff2592b60/1619788903151-BC4P3CGJAMRDNFL9YK6W/Brows_0056.jpg]
[www.labelle-artistry.com/skincare.2a.delayed]
[images.squarespace-cdn.com/content/v1/6086d9bc3bd0fc2ff2592b60/1620224630008-PESTXCP98PW73INX5BMM/Facetune_05-05-2021-10-22-58.jpg]
[images.squarespace-cdn.com/content/v1/6086d9bc3bd0fc2ff2592b60/1620224656676-8Z4JGC5FBWD2L4G1BK8X/waxing_0162+1.jpg]
[images.squarespace-cdn.com/content/v1/6086d9bc3bd0fc2ff2592b60/1630537069375-E8BU2FXR2ZCN70WS4UPH/image-asset.jpg]
[images.squarespace-cdn.com/content/v1/6086d9bc3bd0fc2ff2592b60/1630448372037-PYCTF9KTGHMAPK78AGNH/image-asset.jpg]
[images.squarespace-cdn.com/content/v1/6086d9bc3bd0fc2ff2592b60/1630364082142-SRHOQKSIY11KFJI23Z21/image-asset.jpg]
[images.squarespace-cdn.com/content/v1/6086d9bc3bd0fc2ff2592b60/1630257270227-TU1AQ7VWO7YWPATDCI6G/image-asset.jpg]
[images.squarespace-cdn.com/content/v1/6086d9bc3bd0fc2ff2592b60/1630110129779-TBL71U0PFUIC8SC863TI/image-asset.jpg]
[images.squarespace-cdn.com/content/v1/6086d9bc3bd0fc2ff2592b60/1630017747909-Z0BZOR8860LA0BH68CAM/image-asset.jpg]
[images.squarespace-cdn.com/content/v1/6086d9bc3bd0fc2ff2592b60/1629929233602-CU1N2Z39757IIUP122XA/image-asset.jpg]
[images.squarespace-cdn.com/content/v1/6086d9bc3bd0fc2ff2592b60/1629849772278-I6Y28RSMY0VGL5WSBFLV/image-asset.jpg]
[images.squarespace-cdn.com/content/v1/6086d9bc3bd0fc2ff2592b60/1629757867927-75NJ6TEXEGMAWZB4LPA1/image-asset.jpg]
[images.squarespace-cdn.com/content/v1/6086d9bc3bd0fc2ff2592b60/1629660431995-KNQ9RM86FRMXCOA3TCZ1/image-asset.jpg]
[images.squarespace-cdn.com/content/v1/6086d9bc3bd0fc2ff2592b60/1629498262371-PRNTHRDCCWF0ZTXYEAYF/image-asset.jpg]
[images.squarespace-cdn.com/content/v1/6086d9bc3bd0fc2ff2592b60/1629411725084-M3GP653OX709FJCSZKBJ/image-asset.jpg]
[images.squarespace-cdn.com/content/v1/6086d9bc3bd0fc2ff2592b60/1629325302638-2LLTEXK52681QYLSL6MZ/image-asset.jpg]
[images.squarespace-cdn.com/content/v1/6086d9bc3bd0fc2ff2592b60/1629243751900-LH5K0ATDJITXUSGQZD64/image-asset.jpg]
[images.squarespace-cdn.com/content/v1/6086d9bc3bd0fc2ff2592b60/1629152154394-Z6IIEP4GMU7BJGYR7ON3/image-asset.jpg]
[images.squarespace-cdn.com/content/v1/6086d9bc3bd0fc2ff2592b60/1628961338262-M84ADTQEFJ4KFM06B8PZ/image-asset.jpg]
[www.labelle-artistry.com/https_/www.google.com/maps/place/La+Belle+Studio/@39.6060811,-75.782414,11z/data=!3m1!5s0x89c6fd122a44b39f_0x2fd943f43760526b!4m8!1m2!]
[images.squarespace-cdn.com/content/v1/6086d9bc3bd0fc2ff2592b60/1628892481256-AMCNZCRY15B1BMLHYAWB/image-asset.jpg]
[images.squarespace-cdn.com/content/v1/6086d9bc3bd0fc2ff2592b60/1628862970492-FFRN7JPHRCDRD6MV9UIE/image-asset.jpg]
[images.squarespace-cdn.com/content/v1/6086d9bc3bd0fc2ff2592b60/1628862970872-6TQT9FVKMRAMLYDG35JQ/image-asset.jpg]
[images.squarespace-cdn.com/content/v1/6086d9bc3bd0fc2ff2592b60/1628862971160-JF8IFZ2JCEPMV1B3IBYC/image-asset.jpg]
[images.squarespace-cdn.com/content/v1/6086d9bc3bd0fc2ff2592b60/1620161499101-358X524FG0WK5QX6HLUK/Untitled-1-01.png]
[www.labelle-artistry.com/terms-of-service-1.43.delayed]
[www.labelle-artistry.com/forms.44.delayed]
[www.labelle-artistry.com/index.html]
[assets.squarespace.com/universal/images-v6/standard/icon_close_7_light.png]
[assets.squarespace.com/universal/styles-compressed/commerce-42e904b2189a7c1684dd6-min.en-US.css]
[assets.squarespace.com/universal/images-v6/damask/error-dark.png]
[assets.squarespace.com/universal/images-v6/damask/error-dark@2x.png]
[assets.squarespace.com/universal/images-v6/damask/play-button.png]
[static1.squarespace.com/static/vta/5c5a519771c10ba3470d8101/scripts/site-bundle.d02d5adc821bf95071250af560c25717.js]
[assets.squarespace.com/universal/images-v6/damask/play-button@2x.png]
[assets.squarespace.com/universal/images-v6/damask/edit-aviary-light.png]
[assets.squarespace.com/universal/images-v6/damask/edit-aviary-light@2x.png]
[assets.squarespace.com/universal/images-v6/damask/edit-info-light.png]
[assets.squarespace.com/universal/images-v6/damask/edit-info-light@2x.png]
[assets.squarespace.com/universal/images-v6/damask/trash-9-light.png]
[assets.squarespace.com/universal/images-v6/damask/trash-9-light@2x.png]
[assets.squarespace.com/universal/images-v6/damask/trash-9-red.png]
[assets.squarespace.com/universal/images-v6/damask/trash-9-red@2x.png]
[assets.squarespace.com/universal/images-v6/damask/getty-16-light.png]
[assets.squarespace.com/universal/images-v6/damask/getty-32-light.png]
[assets.squarespace.com/universal/images-v6/damask/shopping-cart-16-light.png]
[assets.squarespace.com/universal/images-v6/damask/shopping-cart-32-light.png]
[static1.squarespace.com/universal/images-v6/icons/block-indicator-dark.png]
[static1.squarespace.com/universal/images-v6/icons/block-indicator-dark@2x.png]
[static1.squarespace.com/universal/images-v6/icons/opentable-icons.png]
[static1.squarespace.com/universal/images-v6/icons/icon-searchqueries-20-dark.png]
[static1.squarespace.com/universal/images-v6/icons/icon-searchqueries-20-light.png]
[assets.squarespace.com/universal/images-v6/icons/icon-video-24-light-solid.png]
[assets.squarespace.com/universal/images-v6/icons/icon-settings-16-light.png]
[static1.squarespace.com/static/versioned-site-css/6086d9bc3bd0fc2ff2592b60/141/5c5a519771c10ba3470d8101/6086d9bc3bd0fc2ff2592b7a/1311/site.css]
[www.labelle-artistry.com/c.5e.delayed]
[www.labelle-artistry.com/b.5f.delayed]
[www.labelle-artistry.com/POST.60.delayed]
[connect.facebook.net/en_US/fbevents.js]
[assets.squarespace.com/universal/scripts-compressed/extract-css-runtime-708abc31c2823710f03dd-min.en-US.js]
[static1.squarespace.com/static/versioned-site-css/6086d9bc3bd0fc2ff2592b60/141/5c5a519771c10ba3470d8101/6086d9bc3bd0fc2ff2592b7a/1313/site.css]
[assets.squarespace.com/universal/scripts-compressed/common-vendors-584b38eb7e5ba560fe3c5-min.en-US.js]
[assets.squarespace.com/universal/scripts-compressed/commerce-1ecff73230bdb91456e4c-min.en-US.js]
[www.labelle-artistry.com/cart.html]
[assets.squarespace.com/universal/scripts-compressed/extract-css-runtime-cc926beb43e67b4c8014c-min.en-US.js]
[static1.squarespace.com/static/vta/5c5a519771c10ba3470d8101/scripts/site-bundle.a2a0678a2d40422c0b2fcc5b06492cab.js]
[assets.squarespace.com/universal/scripts-compressed/common-aa83aa646eba2dfb60b35-min.en-US.js]
[www.labelle-artistry.com/aftercare.html]
[assets.squarespace.com/universal/scripts-compressed/extract-css-runtime-b22ee0b389f7aab669d13-min.en-US.js]
[www.labelle-artistry.com/consent-forms.6e.delayed]
[www.labelle-artistry.com/policies-1.html]
[www.labelle-artistry.com/termsandconditions.html]
[assets.squarespace.com/universal/scripts-compressed/commerce-81f52d81a586cce6467d9-min.en-US.js]
[assets.squarespace.com/universal/scripts-compressed/extract-css-runtime-f8e05d4befc230ef480e9-min.en-US.js]
[assets.squarespace.com/universal/scripts-compressed/common-5b36b10e4b4cc4835c1b7-min.en-US.js]
[images.squarespace-cdn.com/content/v1/6086d9bc3bd0fc2ff2592b60/1619809803488-AYDGC6G22K8NIWDP0B1B/Wilmington_0202+1.jpg]
[assets.squarespace.com/universal/scripts-compressed/commerce-59dd091848f2530a2d294-min.en-US.js]
[images.squarespace-cdn.com/content/v1/6086d9bc3bd0fc2ff2592b60/1619812630224-LWDCU4HO9063OZ0IVO7Y/Middletown_0192-1.jpg]
[assets.squarespace.com/universal/scripts-compressed/common-b8c1d7461a88509047c05-min.en-US.js]
[www.labelle-artistry.com/locations.html]
[images.squarespace-cdn.com/content/v1/6086d9bc3bd0fc2ff2592b60/1620255127217-ZX6X6DTK28LKPH9KFV0P/BLOG+HEADER+PHOTO-02.png]
[assets.squarespace.com/universal/scripts-compressed/commerce-checkout-fe29dbce391a6bca551ff-min.en-US.js]
[images.squarespace-cdn.com/content/v1/6086d9bc3bd0fc2ff2592b60/1619533065115-WKL5L98FAX1NR5CHHFCN/Brows_0122+1.jpg]
[www.labelle-artistry.com/aboutlabelle.html]
[www.labelle-artistry.com/full-menu-of-services.html]
[www.labelle-artistry.com/tiffani.html]
[assets.squarespace.com/universal/scripts-compressed/extract-css-runtime-56aedc7a987b0fa6fc491-min.en-US.js]
[images.squarespace-cdn.com/content/v1/6086d9bc3bd0fc2ff2592b60/1621522367870-91A5DL6E00D986FQZKAM/facial_0223+1.jpg]
[images.squarespace-cdn.com/content/v1/6086d9bc3bd0fc2ff2592b60/1619621992674-SU750BHMQN5P059BGMTM/dermaplaning_0242-1.jpg]
[images.squarespace-cdn.com/content/v1/6086d9bc3bd0fc2ff2592b60/1619621510776-HU3TO7X74R7RW5ANWIVA/hydrojelly_0267+1.jpg]
[images.squarespace-cdn.com/content/v1/6086d9bc3bd0fc2ff2592b60/1619621275434-BVJV4G0FWTSU29HLQP72/coldglobes_0249.jpg]
[images.squarespace-cdn.com/content/v1/6086d9bc3bd0fc2ff2592b60/1619621366259-N03HOEISTQGEBF9WAY1O/facial_0206.jpg]
[images.squarespace-cdn.com/content/v1/6086d9bc3bd0fc2ff2592b60/1619706808010-I2T08EXGBLZBA20FKIL4/facial_0232+1.jpg]
[images.squarespace-cdn.com/content/v1/6086d9bc3bd0fc2ff2592b60/1619621809888-MX831X58G6HAIPYUS4TL/facial_0248+1.jpg]
[images.squarespace-cdn.com/content/v1/6086d9bc3bd0fc2ff2592b60/1619621761176-NUMKGHNF7M17SHFXWQQO/details_0257+1.jpg]
[images.squarespace-cdn.com/content/v1/6086d9bc3bd0fc2ff2592b60/1619621852569-5Q47CHHOKGNTCXRJ5Z5S/facial_0205+1.jpg]
[www.labelle-artistry.com/facials.html]
[images.squarespace-cdn.com/content/v1/6086d9bc3bd0fc2ff2592b60/1619624922520-B6T57E6TDP4ZAWSY9O23/Lashes_0275+1.jpg]
[assets.squarespace.com/universal/scripts-compressed/extract-css-runtime-35445225087c961c210f1-min.en-US.js]
[images.squarespace-cdn.com/content/v1/6086d9bc3bd0fc2ff2592b60/1621989701046-G028X6JRFZRUUWFWWD2T/labelle_lashes.jpg]
[images.squarespace-cdn.com/content/v1/6086d9bc3bd0fc2ff2592b60/1619533852906-TPDUUOP164GYT9II6D1Q/Lashes_0280+1.jpg]
[images.squarespace-cdn.com/content/v1/6086d9bc3bd0fc2ff2592b60/1621990049988-2KQQ1NL87ZFOML7L97GW/VOLUME+AND+CLASSIC+LASH-01-01.png]
[assets.squarespace.com/universal/scripts-compressed/common-932dc6e23fa955c9bcd6a-min.en-US.js]
[images.squarespace-cdn.com/content/v1/6086d9bc3bd0fc2ff2592b60/1621990273682-QBJSAX3W4Q9KMFX8WQ7K/Screenshot+2021-05-23+at+9.01.48+PM.png]
[www.labelle-artistry.com/eyelashextensions.html]
[images.squarespace-cdn.com/content/v1/6086d9bc3bd0fc2ff2592b60/1619813102504-OVY6VJ8S8EJS9JO0M9D3/Brows_0086+1.jpg]
[images.squarespace-cdn.com/content/v1/6086d9bc3bd0fc2ff2592b60/1619473369965-ZTTZ4SY4BAY7O8SV020A/Brows_0056.jpg]
[images.squarespace-cdn.com/content/v1/6086d9bc3bd0fc2ff2592b60/1619535026740-6TCUSCG21ALYRNXXU6R1/Brows_0071.jpg]
[images.squarespace-cdn.com/content/v1/6086d9bc3bd0fc2ff2592b60/1621521695608-95O0U3Z39QIAH9KE1A5U/FullSizeRender.jpg]
[images.squarespace-cdn.com/content/v1/6086d9bc3bd0fc2ff2592b60/1621521724895-70C67VWOTHQUYQCHFV9D/11.jpg]
[www.labelle-artistry.com/permanentmakeup.html]
[images.squarespace-cdn.com/content/v1/6086d9bc3bd0fc2ff2592b60/1619622191464-VAR36A4JW6JNSL5U5UOW/waxing_0163+1.jpg]
[assets.squarespace.com/universal/scripts-compressed/extract-css-runtime-5d934b20d5e5b8969ab9e-min.en-US.js]
[images.squarespace-cdn.com/content/v1/6086d9bc3bd0fc2ff2592b60/1621991464701-V7OR21PDA1CWAOJO0LZW/IMG_28F2E978894D-1.jpg]
[www.labelle-artistry.com/waxingandbrows.html]
[assets.squarespace.com/universal/scripts-compressed/extract-css-runtime-0f9a0c680f94b19045a64-min.en-US.js]
[www.labelle-artistry.com/courtney.html]
[www.labelle-artistry.com/alli.html]
[www.labelle-artistry.com/jackie.html]
[www.labelle-artistry.com/ashleigh.html]
[www.labelle-artistry.com/kayleigh.html]
[www.labelle-artistry.com/savanna.html]
[www.labelle-artistry.com/patricia.html]
[www.labelle-artistry.com/shannon.html]
[www.labelle-artistry.com/aaliyah.html]
[www.labelle-artistry.com/chelsea.html]
[www.labelle-artistry.com/sarita.html]
[www.labelle-artistry.com/nikki.html]
[www.labelle-artistry.com/reece.html]
[www.labelle-artistry.com/team.html]
[images.squarespace-cdn.com/content/6086d9bc3bd0fc2ff2592b60/1626359442437-FNENMM279NY1W3NX6GFO/15d45.png]
[www.labelle-artistry.com/alexis.html]
[www.labelle-artistry.com/la-belle-academie/perfectingbrazilianwaxing-ja4m9-n3ny6.html]
[www.labelle-artistry.com/la-belle-academie/perfectingbrazilianwaxing-ja4m9-n3ny6d859]
[www.labelle-artistry.com/la-belle-academie/perfectingbrazilianwaxing-ja4m9.html]
[www.labelle-artistry.com/la-belle-academie/perfectingbrazilianwaxing-ja4m9d859]
[www.labelle-artistry.com/la-belle-academie/perfectingbrazilianwaxing-ja4m9-n3ny6-2bbd8.html]
[www.labelle-artistry.com/la-belle-academie/perfectingbrazilianwaxing-ja4m9-n3ny6-2bbd8d859]
[www.labelle-artistry.com/la-belle-academie/perfectingbrazilianwaxing-ja4m9-n3ny6-583th.html]
[www.labelle-artistry.com/la-belle-academie/perfectingbrazilianwaxing-ja4m9-n3ny6-583thd859]
[www.labelle-artistry.com/la-belle-academie.html]
[www.labelle-artistry.com/contact-2.html]
[www.labelle-artistry.com/gift-certificates.html]
[www.labelle-artistry.com/terms-conditions.a9.delayed]
[www.labelle-artistry.com/book.html]
[www.labelle-artistry.com/lash-extensions.html]
[www.labelle-artistry.com/skincare.html]
[www.labelle-artistry.com/https_/www.google.com/maps/place/La+Belle+Studio/@39.6060811,-75.782414,11z/data=!3m1!5s0x89c6fd122a44b39f_0x2fd943f43760526b!4m8!1m2!]
[www.labelle-artistry.com/terms-of-service-1.html]
[www.labelle-artistry.com/forms.html]
[www.labelle-artistry.com/c.html]
[www.labelle-artistry.com/b.html]
[www.labelle-artistry.com/POST.html]
[static1.squarespace.com/static/versioned-site-css/6086d9bc3bd0fc2ff2592b60/141/5c5a519771c10ba3470d8101/6086d9bc3bd0fc2ff2592b7a/1313/site.css]
[www.labelle-artistry.com/consent-forms.html]
[images.squarespace-cdn.com/content/v1/6086d9bc3bd0fc2ff2592b60/1621989014472-J8699KVX79QT4J8MDGVF/Untitled-1-01.png]
[www.labelle-artistry.com/tiffani.html]
[images.squarespace-cdn.com/content/v1/6086d9bc3bd0fc2ff2592b60/1657734026514-W3AA8CTXTIP7L6YCWCYR/DSC_1255.jpg]
[www.labelle-artistry.com/courtney.html]
[images.squarespace-cdn.com/content/v1/6086d9bc3bd0fc2ff2592b60/410b53bc-74b8-49f6-950d-8e3c734765b7/IMG_4946.jpg]
[www.labelle-artistry.com/alli.html]
[images.squarespace-cdn.com/content/v1/6086d9bc3bd0fc2ff2592b60/d1c546c8-f715-474e-9a13-9b32a65e8c5c/DSC_8042.jpg]
[www.labelle-artistry.com/jackie.html]
[images.squarespace-cdn.com/content/v1/6086d9bc3bd0fc2ff2592b60/2f3203d3-8b31-4428-b086-ea6b633315e7/DSC_7971.jpg]
[www.labelle-artistry.com/ashleigh.html]
[images.squarespace-cdn.com/content/v1/6086d9bc3bd0fc2ff2592b60/449b8cb5-08f9-48c9-aa01-f5449cca866c/DSC_7845.jpg]
[www.labelle-artistry.com/kayleigh.html]
[images.squarespace-cdn.com/content/v1/6086d9bc3bd0fc2ff2592b60/6c2201f4-a5d8-42f2-abdf-7ef8ded5ca0a/Patricia+White+BG.jpg]
[www.labelle-artistry.com/patricia.html]
[images.squarespace-cdn.com/content/v1/6086d9bc3bd0fc2ff2592b60/c4bfe0a5-2f30-426d-99e4-657cec363476/Facetune_08-08-2022-11-40-12.jpg]
[www.labelle-artistry.com/savanna.html]
[images.squarespace-cdn.com/content/v1/6086d9bc3bd0fc2ff2592b60/94a7820a-4b6d-4442-ac6b-7eabf4aa444c/DSC_7939.jpg]
[www.labelle-artistry.com/shannon.html]
[images.squarespace-cdn.com/content/v1/6086d9bc3bd0fc2ff2592b60/5ce97a7f-99cc-49f7-a503-a434be642baf/DSC_7855.jpg]
[www.labelle-artistry.com/aaliyah.html]
[images.squarespace-cdn.com/content/v1/6086d9bc3bd0fc2ff2592b60/386e8c69-0d9d-4b34-88de-63a1ca4378fe/DSC_1207.jpg]
[www.labelle-artistry.com/chelsea.html]
[images.squarespace-cdn.com/content/v1/6086d9bc3bd0fc2ff2592b60/0b20b498-dd6b-4266-a925-74e752ebc871/DSC_7983.jpg]
[www.labelle-artistry.com/sarita.html]
[images.squarespace-cdn.com/content/v1/6086d9bc3bd0fc2ff2592b60/d8e3bb89-662d-4b1a-93f6-beeb3287263f/DSC_7873.jpg]
[www.labelle-artistry.com/nikki.html]
[images.squarespace-cdn.com/content/v1/6086d9bc3bd0fc2ff2592b60/25de1d72-386c-4bdb-8765-746c509b3215/IMG_6066.jpg]
[www.labelle-artistry.com/reece.html]
[images.squarespace-cdn.com/content/v1/6086d9bc3bd0fc2ff2592b60/4f02ea28-864e-46b7-a18a-5769b69749c9/IMG_6067.jpg]
[www.labelle-artistry.com/alexis.html]
[images.squarespace-cdn.com/content/6086d9bc3bd0fc2ff2592b60/1626200725520-SL3N04S5XH57CBS0J3BW/waxing_0163+143a3.jpg]
[www.labelle-artistry.com/la-belle-academie/perfectingbrazilianwaxing-ja4m9-n3ny6.html]
[www.labelle-artistry.com/la-belle-academie/perfectingbrazilianwaxing-ja4m9.html]
[www.labelle-artistry.com/la-belle-academie/perfectingbrazilianwaxing-ja4m9-n3ny6-2bbd8.html]
[www.labelle-artistry.com/la-belle-academie/perfectingbrazilianwaxing-ja4m9-n3ny6-583th.html]
[www.labelle-artistry.com/terms-conditions.html]
